Microsoft Windows [version 10.0.19042.985]
(c) Microsoft Corporation. Tous droits réservés.

C:\Users\frsou>git
usage: git [--version] [--help] [-C <path>] [-c <name>=<value>]
           [--exec-path[=<path>]] [--html-path] [--man-path] [--info-path]
           [-p | --paginate | -P | --no-pager] [--no-replace-objects] [--bare]
           [--git-dir=<path>] [--work-tree=<path>] [--namespace=<name>]
           [--super-prefix=<path>] [--config-env=<name>=<envvar>]
           <command> [<args>]

These are common Git commands used in various situations:

start a working area (see also: git help tutorial)
   clone             Clone a repository into a new directory
   init              Create an empty Git repository or reinitialize an existing one

work on the current change (see also: git help everyday)
   add               Add file contents to the index
   mv                Move or rename a file, a directory, or a symlink
   restore           Restore working tree files
   rm                Remove files from the working tree and from the index
   sparse-checkout   Initialize and modify the sparse-checkout

examine the history and state (see also: git help revisions)
   bisect            Use binary search to find the commit that introduced a bug
   diff              Show changes between commits, commit and working tree, etc
   grep              Print lines matching a pattern
   log               Show commit logs
   show              Show various types of objects
   status            Show the working tree status

grow, mark and tweak your common history
   branch            List, create, or delete branches
   commit            Record changes to the repository
   merge             Join two or more development histories together
   rebase            Reapply commits on top of another base tip
   reset             Reset current HEAD to the specified state
   switch            Switch branches
   tag               Create, list, delete or verify a tag object signed with GPG

collaborate (see also: git help workflows)
   fetch             Download objects and refs from another repository
   pull              Fetch from and integrate with another repository or a local branch
   push              Update remote refs along with associated objects

'git help -a' and 'git help -g' list available subcommands and some
concept guides. See 'git help <command>' or 'git help <concept>'
to read about a specific subcommand or concept.
See 'git help git' for an overview of the system.

C:\Users\frsou>https://git-scm.com/download/win
'https:' n’est pas reconnu en tant que commande interne
ou externe, un programme exécutable ou un fichier de commandes.

C:\Users\frsou>git --version
git version 2.31.1.windows.1

C:\Users\frsou>git config --global user.name "francois.soun@sage.com"

C:\Users\frsou>git config --global user.email "francois.soun@sage.com"

C:\Users\frsou>git config --global user.name "Francois SOUN"

C:\Users\frsou>git config --list
diff.astextplain.textconv=astextplain
filter.lfs.clean=git-lfs clean -- %f
filter.lfs.smudge=git-lfs smudge -- %f
filter.lfs.process=git-lfs filter-process
filter.lfs.required=true
http.sslbackend=openssl
http.sslcainfo=C:/Program Files/Git/mingw64/ssl/certs/ca-bundle.crt
core.autocrlf=true
core.fscache=true
core.symlinks=false
pull.rebase=false
credential.helper=manager-core
credential.https://dev.azure.com.usehttppath=true
init.defaultbranch=master
user.name=Francois SOUN
user.email=francois.soun@sage.com

C:\Users\frsou>git config user.name
Francois SOUN

C:\Users\frsou>man
'man' n’est pas reconnu en tant que commande interne
ou externe, un programme exécutable ou un fichier de commandes.

C:\Users\frsou>git man
git: 'man' is not a git command. See 'git --help'.

The most similar command is
        am

C:\Users\frsou>git --help
usage: git [--version] [--help] [-C <path>] [-c <name>=<value>]
           [--exec-path[=<path>]] [--html-path] [--man-path] [--info-path]
           [-p | --paginate | -P | --no-pager] [--no-replace-objects] [--bare]
           [--git-dir=<path>] [--work-tree=<path>] [--namespace=<name>]
           [--super-prefix=<path>] [--config-env=<name>=<envvar>]
           <command> [<args>]

These are common Git commands used in various situations:

start a working area (see also: git help tutorial)
   clone             Clone a repository into a new directory
   init              Create an empty Git repository or reinitialize an existing one

work on the current change (see also: git help everyday)
   add               Add file contents to the index
   mv                Move or rename a file, a directory, or a symlink
   restore           Restore working tree files
   rm                Remove files from the working tree and from the index
   sparse-checkout   Initialize and modify the sparse-checkout

examine the history and state (see also: git help revisions)
   bisect            Use binary search to find the commit that introduced a bug
   diff              Show changes between commits, commit and working tree, etc
   grep              Print lines matching a pattern
   log               Show commit logs
   show              Show various types of objects
   status            Show the working tree status

grow, mark and tweak your common history
   branch            List, create, or delete branches
   commit            Record changes to the repository
   merge             Join two or more development histories together
   rebase            Reapply commits on top of another base tip
   reset             Reset current HEAD to the specified state
   switch            Switch branches
   tag               Create, list, delete or verify a tag object signed with GPG

collaborate (see also: git help workflows)
   fetch             Download objects and refs from another repository
   pull              Fetch from and integrate with another repository or a local branch
   push              Update remote refs along with associated objects

'git help -a' and 'git help -g' list available subcommands and some
concept guides. See 'git help <command>' or 'git help <concept>'
to read about a specific subcommand or concept.
See 'git help git' for an overview of the system.

C:\Users\frsou>git --help config

C:\Users\frsou>git help
usage: git [--version] [--help] [-C <path>] [-c <name>=<value>]
           [--exec-path[=<path>]] [--html-path] [--man-path] [--info-path]
           [-p | --paginate | -P | --no-pager] [--no-replace-objects] [--bare]
           [--git-dir=<path>] [--work-tree=<path>] [--namespace=<name>]
           [--super-prefix=<path>] [--config-env=<name>=<envvar>]
           <command> [<args>]

These are common Git commands used in various situations:

start a working area (see also: git help tutorial)
   clone             Clone a repository into a new directory
   init              Create an empty Git repository or reinitialize an existing one

work on the current change (see also: git help everyday)
   add               Add file contents to the index
   mv                Move or rename a file, a directory, or a symlink
   restore           Restore working tree files
   rm                Remove files from the working tree and from the index
   sparse-checkout   Initialize and modify the sparse-checkout

examine the history and state (see also: git help revisions)
   bisect            Use binary search to find the commit that introduced a bug
   diff              Show changes between commits, commit and working tree, etc
   grep              Print lines matching a pattern
   log               Show commit logs
   show              Show various types of objects
   status            Show the working tree status

grow, mark and tweak your common history
   branch            List, create, or delete branches
   commit            Record changes to the repository
   merge             Join two or more development histories together
   rebase            Reapply commits on top of another base tip
   reset             Reset current HEAD to the specified state
   switch            Switch branches
   tag               Create, list, delete or verify a tag object signed with GPG

collaborate (see also: git help workflows)
   fetch             Download objects and refs from another repository
   pull              Fetch from and integrate with another repository or a local branch
   push              Update remote refs along with associated objects

'git help -a' and 'git help -g' list available subcommands and some
concept guides. See 'git help <command>' or 'git help <concept>'
to read about a specific subcommand or concept.
See 'git help git' for an overview of the system.

C:\Users\frsou>git help -a
See 'git help <command>' to read about a specific subcommand

Main Porcelain Commands
   add                  Add file contents to the index
   am                   Apply a series of patches from a mailbox
   archive              Create an archive of files from a named tree
   bisect               Use binary search to find the commit that introduced a bug
   branch               List, create, or delete branches
   bundle               Move objects and refs by archive
   checkout             Switch branches or restore working tree files
   cherry-pick          Apply the changes introduced by some existing commits
   citool               Graphical alternative to git-commit
   clean                Remove untracked files from the working tree
   clone                Clone a repository into a new directory
   commit               Record changes to the repository
   describe             Give an object a human readable name based on an available ref
   diff                 Show changes between commits, commit and working tree, etc
   fetch                Download objects and refs from another repository
   format-patch         Prepare patches for e-mail submission
   gc                   Cleanup unnecessary files and optimize the local repository
   gitk                 The Git repository browser
   grep                 Print lines matching a pattern
   gui                  A portable graphical interface to Git
   init                 Create an empty Git repository or reinitialize an existing one
   log                  Show commit logs
   maintenance          Run tasks to optimize Git repository data
   merge                Join two or more development histories together
   mv                   Move or rename a file, a directory, or a symlink
   notes                Add or inspect object notes
   pull                 Fetch from and integrate with another repository or a local branch
   push                 Update remote refs along with associated objects
   range-diff           Compare two commit ranges (e.g. two versions of a branch)
   rebase               Reapply commits on top of another base tip
   reset                Reset current HEAD to the specified state
   restore              Restore working tree files
   revert               Revert some existing commits
   rm                   Remove files from the working tree and from the index
   shortlog             Summarize 'git log' output
   show                 Show various types of objects
   sparse-checkout      Initialize and modify the sparse-checkout
   stash                Stash the changes in a dirty working directory away
   status               Show the working tree status
   submodule            Initialize, update or inspect submodules
   switch               Switch branches
   tag                  Create, list, delete or verify a tag object signed with GPG
   worktree             Manage multiple working trees

Ancillary Commands / Manipulators
   config               Get and set repository or global options
   fast-export          Git data exporter
   fast-import          Backend for fast Git data importers
   filter-branch        Rewrite branches
   mergetool            Run merge conflict resolution tools to resolve merge conflicts
   pack-refs            Pack heads and tags for efficient repository access
   prune                Prune all unreachable objects from the object database
   reflog               Manage reflog information
   remote               Manage set of tracked repositories
   repack               Pack unpacked objects in a repository
   replace              Create, list, delete refs to replace objects

Ancillary Commands / Interrogators
   annotate             Annotate file lines with commit information
   blame                Show what revision and author last modified each line of a file
   bugreport            Collect information for user to file a bug report
   count-objects        Count unpacked number of objects and their disk consumption
   difftool             Show changes using common diff tools
   fsck                 Verifies the connectivity and validity of the objects in the database
   gitweb               Git web interface (web frontend to Git repositories)
   help                 Display help information about Git
   instaweb             Instantly browse your working repository in gitweb
   merge-tree           Show three-way merge without touching index
   rerere               Reuse recorded resolution of conflicted merges
   show-branch          Show branches and their commits
   verify-commit        Check the GPG signature of commits
   verify-tag           Check the GPG signature of tags
   whatchanged          Show logs with difference each commit introduces

Interacting with Others
   archimport           Import a GNU Arch repository into Git
   cvsexportcommit      Export a single commit to a CVS checkout
   cvsimport            Salvage your data out of another SCM people love to hate
   cvsserver            A CVS server emulator for Git
   imap-send            Send a collection of patches from stdin to an IMAP folder
   p4                   Import from and submit to Perforce repositories
   quiltimport          Applies a quilt patchset onto the current branch
   request-pull         Generates a summary of pending changes
   send-email           Send a collection of patches as emails
   svn                  Bidirectional operation between a Subversion repository and Git

Low-level Commands / Manipulators
   apply                Apply a patch to files and/or to the index
   checkout-index       Copy files from the index to the working tree
   commit-graph         Write and verify Git commit-graph files
   commit-tree          Create a new commit object
   hash-object          Compute object ID and optionally creates a blob from a file
   index-pack           Build pack index file for an existing packed archive
   merge-file           Run a three-way file merge
   merge-index          Run a merge for files needing merging
   mktag                Creates a tag object with extra validation
   mktree               Build a tree-object from ls-tree formatted text
   multi-pack-index     Write and verify multi-pack-indexes
   pack-objects         Create a packed archive of objects
   prune-packed         Remove extra objects that are already in pack files
   read-tree            Reads tree information into the index
   symbolic-ref         Read, modify and delete symbolic refs
   unpack-objects       Unpack objects from a packed archive
   update-index         Register file contents in the working tree to the index
   update-ref           Update the object name stored in a ref safely
   write-tree           Create a tree object from the current index

Low-level Commands / Interrogators
   cat-file             Provide content or type and size information for repository objects
   cherry               Find commits yet to be applied to upstream
   diff-files           Compares files in the working tree and the index
   diff-index           Compare a tree to the working tree or index
   diff-tree            Compares the content and mode of blobs found via two tree objects
   for-each-ref         Output information on each ref
   for-each-repo        Run a Git command on a list of repositories
   get-tar-commit-id    Extract commit ID from an archive created using git-archive
   ls-files             Show information about files in the index and the working tree
   ls-remote            List references in a remote repository
   ls-tree              List the contents of a tree object
   merge-base           Find as good common ancestors as possible for a merge
   name-rev             Find symbolic names for given revs
   pack-redundant       Find redundant pack files
   rev-list             Lists commit objects in reverse chronological order
   rev-parse            Pick out and massage parameters
   show-index           Show packed archive index
   show-ref             List references in a local repository
   unpack-file          Creates a temporary file with a blob's contents
   var                  Show a Git logical variable
   verify-pack          Validate packed Git archive files

Low-level Commands / Syncing Repositories
   daemon               A really simple server for Git repositories
   daemon               A really simple server for Git repositories
   daemon               A really simple server for Git repositories
   daemon               A really simple server for Git repositories
   fetch-pack           Receive missing objects from another repository
   http-backend         Server side implementation of Git over HTTP
   send-pack            Push objects over Git protocol to another repository
   update-server-info   Update auxiliary info file to help dumb servers

Low-level Commands / Internal Helpers
   check-attr           Display gitattributes information
   check-ignore         Debug gitignore / exclude files
   check-mailmap        Show canonical names and email addresses of contacts
   check-ref-format     Ensures that a reference name is well formed
   column               Display data in columns
   credential           Retrieve and store user credentials
   credential-cache     Helper to temporarily store passwords in memory
   credential-store     Helper to store credentials on disk
   fmt-merge-msg        Produce a merge commit message
   interpret-trailers   Add or parse structured information in commit messages
   mailinfo             Extracts patch and authorship from a single e-mail message
   mailsplit            Simple UNIX mbox splitter program
   merge-one-file       The standard helper program to use with git-merge-index
   patch-id             Compute unique ID for a patch
   sh-i18n              Git's i18n setup code for shell scripts
   sh-setup             Common Git shell script setup code
   stripspace           Remove unnecessary whitespace

External commands
   askyesno
   credential-helper-selector
   flow
   lfs

C:\Users\frsou>me projetGit
'me' n’est pas reconnu en tant que commande interne
ou externe, un programme exécutable ou un fichier de commandes.

C:\Users\frsou>md ProjetGit

C:\Users\frsou>cd ProjetGit

C:\Users\frsou\ProjetGit>copy con fichier1.txt
aaaaaaaaa
bbbbbbbbb
ccccccccc
^Z
        1 fichier(s) copié(s).

C:\Users\frsou\ProjetGit>dir
 Le volume dans le lecteur C s’appelle Windows
 Le numéro de série du volume est 5853-D4C4

 Répertoire de C:\Users\frsou\ProjetGit

14/06/2021  11:14    <DIR>          .
14/06/2021  11:14    <DIR>          ..
14/06/2021  11:14                33 fichier1.txt
               1 fichier(s)               33 octets
               2 Rép(s)  392 067 899 392 octets libres

C:\Users\frsou\ProjetGit>git init
Initialized empty Git repository in C:/Users/frsou/ProjetGit/.git/

C:\Users\frsou\ProjetGit>dir
 Le volume dans le lecteur C s’appelle Windows
 Le numéro de série du volume est 5853-D4C4

 Répertoire de C:\Users\frsou\ProjetGit

14/06/2021  11:14    <DIR>          .
14/06/2021  11:14    <DIR>          ..
14/06/2021  11:14                33 fichier1.txt
               1 fichier(s)               33 octets
               2 Rép(s)  392 067 850 240 octets libres

C:\Users\frsou\ProjetGit>cd .git

C:\Users\frsou\ProjetGit\.git>dir
 Le volume dans le lecteur C s’appelle Windows
 Le numéro de série du volume est 5853-D4C4

 Répertoire de C:\Users\frsou\ProjetGit\.git

14/06/2021  11:14               130 config
14/06/2021  11:14                73 description
14/06/2021  11:14                23 HEAD
14/06/2021  11:14    <DIR>          hooks
14/06/2021  11:14    <DIR>          info
14/06/2021  11:14    <DIR>          objects
14/06/2021  11:14    <DIR>          refs
               3 fichier(s)              226 octets
               4 Rép(s)  392 070 414 336 octets libres

C:\Users\frsou\ProjetGit\.git>cd..

C:\Users\frsou\ProjetGit>dir
 Le volume dans le lecteur C s’appelle Windows
 Le numéro de série du volume est 5853-D4C4

 Répertoire de C:\Users\frsou\ProjetGit

14/06/2021  11:14    <DIR>          .
14/06/2021  11:14    <DIR>          ..
14/06/2021  11:14                33 fichier1.txt
               1 fichier(s)               33 octets
               2 Rép(s)  392 024 170 496 octets libres

C:\Users\frsou\ProjetGit>git remote add origin https://github.com/frsou/ProjetGit.git

C:\Users\frsou\ProjetGit>git branch -M main

C:\Users\frsou\ProjetGit>git push -u origin main
error: src refspec main does not match any
error: failed to push some refs to 'https://github.com/frsou/ProjetGit.git'

C:\Users\frsou\ProjetGit>echo "# ProjetGit" >> README.md

C:\Users\frsou\ProjetGit>git init
Reinitialized existing Git repository in C:/Users/frsou/ProjetGit/.git/

C:\Users\frsou\ProjetGit>git add README.md

C:\Users\frsou\ProjetGit>git commit -m "first commit"
[main (root-commit) c05f40e] first commit
 1 file changed, 1 insertion(+)
 create mode 100644 README.md

C:\Users\frsou\ProjetGit>git branch -M main

C:\Users\frsou\ProjetGit>git remote add origin https://github.com/frsou/ProjetGit.git
error: remote origin already exists.

C:\Users\frsou\ProjetGit>git push -u origin main
info: please complete authentication in your browser...
Enumerating objects: 3, done.
Counting objects: 100% (3/3), done.
Writing objects: 100% (3/3), 233 bytes | 233.00 KiB/s, done.
Total 3 (delta 0), reused 0 (delta 0), pack-reused 0
To https://github.com/frsou/ProjetGit.git
 * [new branch]      main -> main
Branch 'main' set up to track remote branch 'main' from 'origin'.

C:\Users\frsou\ProjetGit>dir
 Le volume dans le lecteur C s’appelle Windows
 Le numéro de série du volume est 5853-D4C4

 Répertoire de C:\Users\frsou\ProjetGit

14/06/2021  11:55    <DIR>          .
14/06/2021  11:55    <DIR>          ..
14/06/2021  11:14                33 fichier1.txt
14/06/2021  11:55                16 README.md
               2 fichier(s)               49 octets
               2 Rép(s)  392 030 822 400 octets libres

C:\Users\frsou\ProjetGit>echo "# ProjectGit" >>README.md

C:\Users\frsou\ProjetGit>type README.md
"# ProjetGit"
"# ProjectGit"

C:\Users\frsou\ProjetGit>git add .

C:\Users\frsou\ProjetGit>git commit -m "premier commit"
[main e0e767d] premier commit
 2 files changed, 4 insertions(+)
 create mode 100644 fichier1.txt

C:\Users\frsou\ProjetGit>git remote add origin https://github.com/frsou/ProjetGit.git
error: remote origin already exists.

C:\Users\frsou\ProjetGit>git remote add https://github.com/frsou/ProjetGit.git
usage: git remote add [<options>] <name> <url>

    -f, --fetch           fetch the remote branches
    --tags                import all tags and associated objects when fetching
                          or do not fetch any tag at all (--no-tags)
    -t, --track <branch>  branch(es) to track
    -m, --master <branch>
                          master branch
    --mirror[=(push|fetch)]
                          set up remote as a mirror to push to or fetch from


C:\Users\frsou\ProjetGit>git remote add origin2 https://github.com/frsou/ProjetGit.git

C:\Users\frsou\ProjetGit>git push -u origin
Enumerating objects: 6, done.
Counting objects: 100% (6/6), done.
Delta compression using up to 8 threads
Compressing objects: 100% (2/2), done.
Writing objects: 100% (4/4), 326 bytes | 326.00 KiB/s, done.
Total 4 (delta 0), reused 0 (delta 0), pack-reused 0
To https://github.com/frsou/ProjetGit.git
   c05f40e..e0e767d  main -> main
Branch 'main' set up to track remote branch 'main' from 'origin'.

C:\Users\frsou\ProjetGit>git push -u origin2
Everything up-to-date
Branch 'main' set up to track remote branch 'main' from 'origin2'.

C:\Users\frsou\ProjetGit>git push -u origin2 master
error: src refspec master does not match any
error: failed to push some refs to 'https://github.com/frsou/ProjetGit.git'

C:\Users\frsou\ProjetGit>git push -u origin master
error: src refspec master does not match any
error: failed to push some refs to 'https://github.com/frsou/ProjetGit.git'

C:\Users\frsou\ProjetGit>
