
C:\Users\frsou\ProjetGit>git status
On branch main
Your branch is up to date with 'origin2/main'.

Untracked files:
  (use "git add <file>..." to include in what will be committed)
        git1.txt

nothing added to commit but untracked files present (use "git add" to track)

C:\Users\frsou\ProjetGit>git help -a
See 'git help <command>' to read about a specific subcommand

Main Porcelain Commands
   add                  Add file contents to the index
   am                   Apply a series of patches from a mailbox
   archive              Create an archive of files from a named tree
   bisect               Use binary search to find the commit that introduced a bug
   branch               List, create, or delete branches
   bundle               Move objects and refs by archive
   checkout             Switch branches or restore working tree files
   cherry-pick          Apply the changes introduced by some existing commits
   citool               Graphical alternative to git-commit
   clean                Remove untracked files from the working tree
   clone                Clone a repository into a new directory
   commit               Record changes to the repository
   am                   Apply a series of patches from a mailbox
   archive              Create an archive of files from a named tree
   bisect               Use binary search to find the commit that introduced a bug
   branch               List, create, or delete branches
   bundle               Move objects and refs by archive
   checkout             Switch branches or restore working tree files
   cherry-pick          Apply the changes introduced by some existing commits
   citool               Graphical alternative to git-commit
   clean                Remove untracked files from the working tree
   clone                Clone a repository into a new directory
   commit               Record changes to the repository
   describe             Give an object a human readable name based on an available ref
   diff                 Show changes between commits, commit and working tree, etc
   fetch                Download objects and refs from another repository
   format-patch         Prepare patches for e-mail submission
   gc                   Cleanup unnecessary files and optimize the local repository
   gitk                 The Git repository browser
   grep                 Print lines matching a pattern
   gui                  A portable graphical interface to Git
   init                 Create an empty Git repository or reinitialize an existing one
   log                  Show commit logs
   maintenance          Run tasks to optimize Git repository data
   merge                Join two or more development histories together
   mv                   Move or rename a file, a directory, or a symlink
   notes                Add or inspect object notes
   pull                 Fetch from and integrate with another repository or a local branch
   push                 Update remote refs along with associated objects
   range-diff           Compare two commit ranges (e.g. two versions of a branch)
   rebase               Reapply commits on top of another base tip
   reset                Reset current HEAD to the specified state
   restore              Restore working tree files
   revert               Revert some existing commits
   rm                   Remove files from the working tree and from the index
   shortlog             Summarize 'git log' output
   show                 Show various types of objects
   sparse-checkout      Initialize and modify the sparse-checkout
   stash                Stash the changes in a dirty working directory away
   status               Show the working tree status
   submodule            Initialize, update or inspect submodules
   switch               Switch branches
   tag                  Create, list, delete or verify a tag object signed with GPG
   worktree             Manage multiple working trees

Ancillary Commands / Manipulators
   config               Get and set repository or global options
   fast-export          Git data exporter
   fast-import          Backend for fast Git data importers
   filter-branch        Rewrite branches
   mergetool            Run merge conflict resolution tools to resolve merge conflicts
   pack-refs            Pack heads and tags for efficient repository access
   prune                Prune all unreachable objects from the object database
   reflog               Manage reflog information
   remote               Manage set of tracked repositories
   repack               Pack unpacked objects in a repository
   replace              Create, list, delete refs to replace objects

Ancillary Commands / Interrogators
   annotate             Annotate file lines with commit information
   blame                Show what revision and author last modified each line of a file
   bugreport            Collect information for user to file a bug report
   count-objects        Count unpacked number of objects and their disk consumption
   difftool             Show changes using common diff tools
   fsck                 Verifies the connectivity and validity of the objects in the database
   gitweb               Git web interface (web frontend to Git repositories)
   help                 Display help information about Git
   instaweb             Instantly browse your working repository in gitweb
   merge-tree           Show three-way merge without touching index
   rerere               Reuse recorded resolution of conflicted merges
   show-branch          Show branches and their commits
   verify-commit        Check the GPG signature of commits
   verify-tag           Check the GPG signature of tags
   whatchanged          Show logs with difference each commit introduces

Interacting with Others
   archimport           Import a GNU Arch repository into Git
   cvsexportcommit      Export a single commit to a CVS checkout
   cvsimport            Salvage your data out of another SCM people love to hate
   cvsserver            A CVS server emulator for Git
   imap-send            Send a collection of patches from stdin to an IMAP folder
   p4                   Import from and submit to Perforce repositories
   quiltimport          Applies a quilt patchset onto the current branch
   request-pull         Generates a summary of pending changes
   send-email           Send a collection of patches as emails
   svn                  Bidirectional operation between a Subversion repository and Git

Low-level Commands / Manipulators
   apply                Apply a patch to files and/or to the index
   checkout-index       Copy files from the index to the working tree
   commit-graph         Write and verify Git commit-graph files
   commit-tree          Create a new commit object
   hash-object          Compute object ID and optionally creates a blob from a file
   index-pack           Build pack index file for an existing packed archive
   merge-file           Run a three-way file merge
   merge-index          Run a merge for files needing merging
   mktag                Creates a tag object with extra validation
   mktree               Build a tree-object from ls-tree formatted text
   multi-pack-index     Write and verify multi-pack-indexes
   pack-objects         Create a packed archive of objects
   prune-packed         Remove extra objects that are already in pack files
   read-tree            Reads tree information into the index
   symbolic-ref         Read, modify and delete symbolic refs
   unpack-objects       Unpack objects from a packed archive
   update-index         Register file contents in the working tree to the index
   update-ref           Update the object name stored in a ref safely
   write-tree           Create a tree object from the current index

Low-level Commands / Interrogators
   cat-file             Provide content or type and size information for repository objects
   cherry               Find commits yet to be applied to upstream
   diff-files           Compares files in the working tree and the index
   diff-index           Compare a tree to the working tree or index
   diff-tree            Compares the content and mode of blobs found via two tree objects
   for-each-ref         Output information on each ref
   for-each-repo        Run a Git command on a list of repositories
   get-tar-commit-id    Extract commit ID from an archive created using git-archive
   ls-files             Show information about files in the index and the working tree
   ls-remote            List references in a remote repository
   ls-tree              List the contents of a tree object
   merge-base           Find as good common ancestors as possible for a merge
   name-rev             Find symbolic names for given revs
   pack-redundant       Find redundant pack files
   rev-list             Lists commit objects in reverse chronological order
   rev-parse            Pick out and massage parameters
   show-index           Show packed archive index
   show-ref             List references in a local repository
   unpack-file          Creates a temporary file with a blob's contents
   var                  Show a Git logical variable
   verify-pack          Validate packed Git archive files

Low-level Commands / Syncing Repositories
   daemon               A really simple server for Git repositories
   fetch-pack           Receive missing objects from another repository
   fetch-pack           Receive missing objects from another repository
   fetch-pack           Receive missing objects from another repository
   daemon               A really simple server for Git repositories
   fetch-pack           Receive missing objects from another repository
   fetch-pack           Receive missing objects from another repository

# Please edit the description for the branch
#   main
# Lines starting with '#' will be stripped.
~                                                                                                                       ~                                                                                                                       ~                                                                                                                       ~                                                                                                                       ~                                                                                                                       ~                                                                                                                       ~                                                                                                                       ~                                                                                                                       ~                                                                                                                       ~                                                                                                                       ~                                                                                                                       ~                                                                                                                       ~                                                                                                                       ~                                                                                                                       ~                                                                                                                       ~                                                                                                                       ~                                                                                                                       ~                                                                                                                       ~                                                                                                                       ~                                                                                                                       ~                                                                                                                       ~                                                                                                                       ~                                                                                                                       C:/Users/frsou/ProjetGit/.git/EDIT_DESCRIPTION [unix] (15:10 14/06/2021)                                       1,0-1 All
C:\Users\frsou\ProjetGit>git branch
* main

C:\Users\frsou\ProjetGit>git help branch

C:\Users\frsou\ProjetGit>git branch --edit
fatal: could not unset 'branch.main.description'

C:\Users\frsou\ProjetGit>git status
On branch main
Your branch is up to date with 'origin2/main'.

Untracked files:
  (use "git add <file>..." to include in what will be committed)
        git1.txt

nothing added to commit but untracked files present (use "git add" to track)

C:\Users\frsou\ProjetGit>dir
 Le volume dans le lecteur C s’appelle Windows
 Le numéro de série du volume est 5853-D4C4

 Répertoire de C:\Users\frsou\ProjetGit

14/06/2021  14:47    <DIR>          .
14/06/2021  14:47    <DIR>          ..
14/06/2021  11:14                33 fichier1.txt
14/06/2021  14:47            25 302 git1.txt
14/06/2021  12:00                33 README.md
               3 fichier(s)           25 368 octets
               2 Rép(s)  393 972 195 328 octets libres

C:\Users\frsou\ProjetGit>git add git1.txt

C:\Users\frsou\ProjetGit>git status
On branch main
Your branch is up to date with 'origin2/main'.

Changes to be committed:
  (use "git restore --staged <file>..." to unstage)
        new file:   git1.txt


C:\Users\frsou\ProjetGit>git status
On branch main
Your branch is up to date with 'origin2/main'.

Changes to be committed:
  (use "git restore --staged <file>..." to unstage)
        new file:   git1.txt


C:\Users\frsou\ProjetGit>touch vendors.txt
'touch' n’est pas reconnu en tant que commande interne
ou externe, un programme exécutable ou un fichier de commandes.

C:\Users\frsou\ProjetGit>copy con vendors.txt
ggggggg
kkkkkkk
^Z
        1 fichier(s) copié(s).

C:\Users\frsou\ProjetGit>git status
On branch main
Your branch is up to date with 'origin2/main'.

Changes to be committed:
  (use "git restore --staged <file>..." to unstage)
        new file:   git1.txt

Untracked files:
  (use "git add <file>..." to include in what will be committed)
        vendors.txt


C:\Users\frsou\ProjetGit>dir
 Le volume dans le lecteur C s’appelle Windows
 Le numéro de série du volume est 5853-D4C4

 Répertoire de C:\Users\frsou\ProjetGit

14/06/2021  15:25    <DIR>          .
14/06/2021  15:25    <DIR>          ..
14/06/2021  11:14                33 fichier1.txt
14/06/2021  14:47            25 302 git1.txt
14/06/2021  12:00                33 README.md
14/06/2021  15:25                18 vendors.txt
               4 fichier(s)           25 386 octets
               2 Rép(s)  393 984 618 496 octets libres

C:\Users\frsou\ProjetGit>git add vendors.txt

C:\Users\frsou\ProjetGit>git status
On branch main
Your branch is up to date with 'origin2/main'.

Changes to be committed:
  (use "git restore --staged <file>..." to unstage)
        new file:   git1.txt
        new file:   vendors.txt


C:\Users\frsou\ProjetGit>git status
On branch main
Your branch is up to date with 'origin2/main'.

Changes to be committed:
  (use "git restore --staged <file>..." to unstage)
        new file:   git1.txt
        new file:   vendors.txt

Changes not staged for commit:
  (use "git add <file>..." to update what will be committed)
  (use "git restore <file>..." to discard changes in working directory)
        modified:   fichier1.txt


C:\Users\frsou\ProjetGit>git add fichier1.txt

C:\Users\frsou\ProjetGit>git status
On branch main
Your branch is up to date with 'origin2/main'.

Changes to be committed:
  (use "git restore --staged <file>..." to unstage)
        modified:   fichier1.txt
        new file:   git1.txt
        new file:   vendors.txt


C:\Users\frsou\ProjetGit>git status
On branch main
Your branch is up to date with 'origin2/main'.

Changes to be committed:
  (use "git restore --staged <file>..." to unstage)
        modified:   fichier1.txt
        new file:   git1.txt
        new file:   vendors.txt

Changes not staged for commit:
  (use "git add <file>..." to update what will be committed)
  (use "git restore <file>..." to discard changes in working directory)
        modified:   fichier1.txt


C:\Users\frsou\ProjetGit>git add fichier1.txt

C:\Users\frsou\ProjetGit>git status
On branch main
Your branch is up to date with 'origin2/main'.

Changes to be committed:
  (use "git restore --staged <file>..." to unstage)
        modified:   fichier1.txt
        new file:   git1.txt
        new file:   vendors.txt


C:\Users\frsou\ProjetGit>git status --short
M  fichier1.txt
A  git1.txt
A  vendors.txt

C:\Users\frsou\ProjetGit>git status --short
MM fichier1.txt
A  git1.txt
A  vendors.txt
?? fichier2.txt

C:\Users\frsou\ProjetGit>git diff --staged
diff --git a/fichier1.txt b/fichier1.txt
index 33b4d87..39b67e5 100644
--- a/fichier1.txt
+++ b/fichier1.txt
@@ -1,3 +1,5 @@
 aaaaaaaaa
 bbbbbbbbb
 ccccccccc
+ddddddd
+eeeee
\ No newline at end of file
diff --git a/git1.txt b/git1.txt
new file mode 100644
index 0000000..cbfd49f
--- /dev/null
+++ b/git1.txt
@@ -0,0 +1,539 @@
+Microsoft Windows [version 10.0.19042.985]
+(c) Microsoft Corporation. Tous droits réservés.
+
+C:\Users\frsou>git
+usage: git [--version] [--help] [-C <path>] [-c <name>=<value>]
+           [--exec-path[=<path>]] [--html-path] [--man-path] [--info-path]
+           [-p | --paginate | -P | --no-pager] [--no-replace-objects] [--bare]
+           [--git-dir=<path>] [--work-tree=<path>] [--namespace=<name>]
+           [--super-prefix=<path>] [--config-env=<name>=<envvar>]
+           <command> [<args>]
+

C:\Users\frsou\ProjetGit>git diff --staged --no-renames
diff --git a/fichier1.txt b/fichier1.txt
index 33b4d87..39b67e5 100644
--- a/fichier1.txt
+++ b/fichier1.txt
@@ -1,3 +1,5 @@
 aaaaaaaaa
 bbbbbbbbb
 ccccccccc
+ddddddd
+eeeee
\ No newline at end of file
diff --git a/git1.txt b/git1.txt
new file mode 100644
index 0000000..cbfd49f
--- /dev/null
+++ b/git1.txt
@@ -0,0 +1,539 @@
+Microsoft Windows [version 10.0.19042.985]
+(c) Microsoft Corporation. Tous droits réservés.
+
+C:\Users\frsou>git
+usage: git [--version] [--help] [-C <path>] [-c <name>=<value>]
+           [--exec-path[=<path>]] [--html-path] [--man-path] [--info-path]
+           [-p | --paginate | -P | --no-pager] [--no-replace-objects] [--bare]
+           [--git-dir=<path>] [--work-tree=<path>] [--namespace=<name>]
+           [--super-prefix=<path>] [--config-env=<name>=<envvar>]
+           <command> [<args>]
+

C:\Users\frsou\ProjetGit>git diff
diff --git a/fichier1.txt b/fichier1.txt
index 39b67e5..3bd92c3 100644
--- a/fichier1.txt
+++ b/fichier1.txt
@@ -2,4 +2,5 @@ aaaaaaaaa
 bbbbbbbbb
 ccccccccc
 ddddddd
-eeeee
\ No newline at end of file
+eeeee
+fffff
\ No newline at end of file

C:\Users\frsou\ProjetGit>git status
On branch main
Your branch is up to date with 'origin2/main'.

Changes to be committed:
  (use "git restore --staged <file>..." to unstage)
        modified:   fichier1.txt
        new file:   git1.txt
        new file:   vendors.txt

Changes not staged for commit:
  (use "git add <file>..." to update what will be committed)
  (use "git restore <file>..." to discard changes in working directory)
        modified:   fichier1.txt

Untracked files:
  (use "git add <file>..." to include in what will be committed)
        fichier2.txt


C:\Users\frsou\ProjetGit>git commit -a -m "test"
[main f1ce7f9] test
 3 files changed, 544 insertions(+)
 create mode 100644 git1.txt
 create mode 100644 vendors.txt

C:\Users\frsou\ProjetGit>git status
On branch main
Your branch is ahead of 'origin2/main' by 1 commit.
  (use "git push" to publish your local commits)

Untracked files:
  (use "git add <file>..." to include in what will be committed)
        fichier2.txt

nothing added to commit but untracked files present (use "git add" to track)

C:\Users\frsou\ProjetGit>
